IMOD 4.11.25 Linux aarch64 CPU smoke test
date=2026-05-24T00:04:53+08:00
IMOD_DIR=/home/zhenh/software/imod-aarch64/versions/4.11.25/install/cpu
IMOD_CONDA_ENV=/home/zhenh/software/imod-aarch64/.conda/imod-build-4.11.25
DISPLAY=localhost:11.0

== file checks ==
/home/zhenh/software/imod-aarch64/versions/4.11.25/install/cpu/bin/3dmod:    ELF 64-bit LSB pie executable, ARM aarch64, version 1 (SYSV), dynamically linked, interpreter /lib/ld-linux-aarch64.so.1, BuildID[sha1]=365b7377fcd30b06e22461bdc715bb174ad053f4, for GNU/Linux 3.7.0, stripped
/home/zhenh/software/imod-aarch64/versions/4.11.25/install/cpu/bin/newstack: ELF 64-bit LSB pie executable, ARM aarch64, version 1 (SYSV), dynamically linked, interpreter /lib/ld-linux-aarch64.so.1, BuildID[sha1]=25c47ad5eda9b1d011fb674813af062c3173d38a, for GNU/Linux 3.7.0, stripped
/home/zhenh/software/imod-aarch64/versions/4.11.25/install/cpu/bin/clip:     ELF 64-bit LSB pie executable, ARM aarch64, version 1 (SYSV), dynamically linked, interpreter /lib/ld-linux-aarch64.so.1, BuildID[sha1]=1b5a4a78eb88ccc815d7eac3a146d3791ae4d23d, for GNU/Linux 3.7.0, stripped
/home/zhenh/software/imod-aarch64/versions/4.11.25/install/cpu/bin/header:   ELF 64-bit LSB pie executable, ARM aarch64, version 1 (SYSV), dynamically linked, interpreter /lib/ld-linux-aarch64.so.1, BuildID[sha1]=df879ddc35055f35d1bd3fad4115c46442d247b1, for GNU/Linux 3.7.0, stripped
/home/zhenh/software/imod-aarch64/versions/4.11.25/install/cpu/bin/raw2mrc:  ELF 64-bit LSB pie executable, ARM aarch64, version 1 (SYSV), dynamically linked, interpreter /lib/ld-linux-aarch64.so.1, BuildID[sha1]=fc844d840396347e7c69afc3c0f96110620dba50, for GNU/Linux 3.7.0, stripped
/home/zhenh/software/imod-aarch64/versions/4.11.25/install/cpu/bin/etomo:    Python script, ASCII text executable

== ldd 3dmod missing libraries ==
none
== ldd newstack missing libraries ==
none
== ldd clip missing libraries ==
none
== ldd header missing libraries ==
none
== ldd raw2mrc missing libraries ==
none
== ldd imodinfo missing libraries ==
none
== ldd etomo missing libraries ==
none
missing_libs=0

== timeout 20 /home/zhenh/software/imod-aarch64/versions/4.11.25/install/cpu/bin/header -help ==
Usage: header [Options] input_files...
Options can be abbreviated, current short name abbreviations are in parentheses
Options:
 -input (-i)  OR  -InputFile   File
    Input image file
    (Successive entries accumulate)
 -size (-s)  OR  -Size
    Output image dimensions
 -mode (-mo)  OR  -Mode
    Output data mode
 -pixel (-p)  OR  -PixelSize
    Output pixel spacing in angstroms
 -origin (-o)  OR  -Origin
    Output origin values
 -minimum (-mi)  OR  -Minimum
    Output minimum value of data
 -maximum (-ma)  OR  -Maximum
    Output maximum value of data
 -mean (-me)  OR  -Mean
    Output mean value of data
 -rms (-r)  OR  -RootMeanSquare
    Output RMS deviation from mean of the data
 -volume (-v)  OR  -VolumeNumber   Int
    Volume number (from 1) of multi-volume HDF file to output header for
 -brief (-b)  OR  -Brief
    Output brief header
 -eer (-e)  OR  -FullSizeOfEERFile
    Output full super-resolution size and number of frames in an EER file
 -help (-h)  OR  -usage
    Print help output
exit=0

== timeout 20 /home/zhenh/software/imod-aarch64/versions/4.11.25/install/cpu/bin/newstack -help ==
Usage: newstack [Options] input_files... output_file
Options can be abbreviated, current short name abbreviations are in parentheses
Options:

INPUT AND OUTPUT FILE OPTIONS
 -input (-in)  OR  -InputFile   File
    Input image file
    (Successive entries accumulate)
 -output (-ou)  OR  -OutputFile   File
    Output image file
    (Successive entries accumulate)
 -fileinlist (-filei)  OR  -FileOfInputs   File
    Name of file with list of input files and sections to read
 -fileoutlist (-fileo)  OR  -FileOfOutputs   File
    Name of file with list of output files and number of sections in each
 -reverse (-rev)  OR  -ReverseInputFileOrder   Int
    Process files in inverted order (0: all, N>0: first N, N<0: last N)
 -split (-sp)  OR  -SplitStartingNumber   Int
    Starting number for series of numbered output files, one section each
 -append (-appe)  OR  -AppendExtension   String
    Extension to append to series of numbered filenames
 -format (-fo)  OR  -FormatOfOutputFile   String
    Type of output file: MRC, TIF or TIFF, HDF, JPEG or JPG (or lower case)
 -compression (-com)  OR  -HDFCompressionIndex   Int
    Sets the level of ZIP compression when writing to an HDF file (1-9)
 -volumes (-vo)  OR  -VolumesToRead   List
    List of volume numbers to read from multi-volume HDF files
 -3d (-3)  OR  -Store3DVolumes   Int
    Controls whether to store 3D volume in new or existing file
 -chunk (-ch)  OR  -ChunkSizesInXYZ   3 ints
    Set target chunk sizes in X, Y, and Z for 3D volumes in HDF files
 -mdoc (-md)  OR  -UseMdocFiles
    Copy metadata from .mdoc files associated with input files, if any
 -tilt (-ti)  OR  -TiltAngleFile   File
    Name of file with tilt angles to substitute or insert into output
 -reorder (-reo)  OR  -ReorderByTiltAngle   Int
    Reorder sections by increasing (+) or decreasing (-) tilt angle
 -angle (-ang)  OR  -AngleFileToReorder   File
    File with tilt angles to use for reordering sections by angle
 -newangle (-new)  OR  -NewAngleOutputFile   Int
    File for output of tilt angles after reordering

SECTION SELECTION OPTIONS
 -secs (-se)  OR  -SectionsToRead   List
    List of sections to read from input file, numbered from 0.  The default is
    all sections.  Ranges are allowed.
    (Successive entries accumulate)
 -samesec (-sa)  OR  -SameSectionsToRead
    Read the same set of sections from all input files
 -fromone (-fr)  OR  -NumberedFromOne
    Section and line numbers are entered numbered from 1, not 0
 -exclude (-exc)  OR  -ExcludeSections   List
    List of sections to exclude from input file, numbered from 0
 -twodir (-tw)  OR  -TwoDirectionTiltSeries
    Combine two files from bidirectional tilt series
 -skip (-sk)  OR  -SkipSectionIncrement   Int
    Increment for reading regularly spaced subset of sections in the list
 -numout (-nu)  OR  -NumberToOutput   Ints
    Number of sections to write to an output file
    (Successive entries accumulate)
 -replace (-rep)  OR  -ReplaceSections   List
    List of sections to replace in existing output file, numbered from 0
 -blank (-bl)  OR  -BlankOutput
    Output blank sections for nonexistent section numbers in input file

OPTIONS FOR OPERATING ON IMAGES
 -offset (-of)  OR  -OffsetsInXandY   Floats
    X and Y center offsets for each section, or one X,Y pair to apply to all
    sections
    (Successive entries accumulate)
 -applyfirst (-appl)  OR  -ApplyOffsetsFirst
    Apply offsets in X and Y before transforming image (default is after)
 -xform (-x)  OR  -TransformFile   File
    File with linear transformations to apply to images
 -uselines (-use)  OR  -UseTransformLines   List
    List of line numbers of transforms to apply, numbered from 0.
    (Successive entries accumulate)
 -onexform (-on)  OR  -OneTransformPerFile
    Apply one transform line for each input file
 -phase (-ph)  OR  -PhaseShiftFFT
    Shift images by changing phase in Fourier space instead of interpolating
 -rotate (-ro)  OR  -RotateByAngle   Float
    Rotate all images by the given angle
 -expand (-exp)  OR  -ExpandByFactor   Float
    Scale all images up in size by the given factor
 -shrink (-sh)  OR  -ShrinkByFactor   Float
    Scale all images down in size by the given factor with antialias filtering
 -antialias (-ant)  OR  -AntialiasFilter   Int
    Type of antialiasing filter to use when shrinking images (default 5)
 -bin (-bi)  OR  -BinByFactor   Int
    Use binning to reduce images in size by the given factor
 -ftreduce (-ftr)  OR  -FourierReduceByFactor   Float
    Scale all images down in size by the given factor with Fourier cropping
 -ftexpand (-fte)  OR  -FourierExpandByFactor   Float
    Scale all images up in size by the given factor with Fourier padding
 -noise (-no)  OR  -NoisePadForFFT
    Pad for reduction and/or shifting in Fourier space with tapered noise
 -distort (-d)  OR  -DistortionField   File
    Image distortion field file to use for undistorting images
 -imagebinned (-im)  OR  -ImagesAreBinned   Float
    The current binning of the images
 -fields (-fie)  OR  -UseFields   List
    List of distortion fields to apply, numbered from 0
    (Successive entries accumulate)
 -subarea (-su)  OR  -SubareaOffsetsXandY   Floats
    Offsets of each section from center of distortion field, or one X,Y pair
    to use for all sections
    (Successive entries accumulate)
 -gradient (-g)  OR  -GradientFile   File
    File with magnification gradients to be applied for each image
 -origin (-or)  OR  -AdjustOrigin
    Adjust the image origin for changes in image size and location
 -linear (-l)  OR  -LinearInterpolation
    Use linear instead of cubic interpolation to transform images
 -nearest (-nea)  OR  -NearestNeighbor
    Use nearest neighbor instead of cubic interpolation to transform images

OUTPUT CONTROL OPTIONS
 -size (-si)  OR  -SizeToOutputInXandY   2 ints
    Size of output image in X and Y; default is size of first input file.
 -mode (-mo)  OR  -ModeToOutput   Int
    Storage mode of output file; 0 for byte, 1 or 6 for integer, 2 for real,
    101 for 4-bit
 -bytes (-by)  OR  -BytesSignedInOutput   Int
    Output bytes as signed (1) or unsigned (0) regardless of other settings
 -strip (-st)  OR  -StripExtraHeader
    Do not transfer extra header information from input to output
 -float (-fl)  OR  -FloatDensities   Int
    Rescale densities of sections separately to fill data range (1), to bring
    to common mean and SD (2), to shift to common mean (3), or to shift to
    common mean and rescale (4)
 -meansd (-mea)  OR  -MeanAndStandardDeviation   2 floats
    Scale all images to the given mean and standard deviation
 -contrast (-con)  OR  -ContrastBlackWhite   2 ints
    Rescale densities to match contrast in 3dmod with the given black and
    white values
 -scale (-sc)  OR  -ScaleMinAndMax   2 floats
    Apply one density scaling to all sections to map current min and max to
    the given Min and Max
 -map (-ma)  OR  -MapFromRange   2 floats
    Rescale the given range of density with -scale or -contrast
 -multadd (-mu)  OR  -MultiplyAndAdd   2 floats
    Scale all sections by multiplying by first value then adding the second
    (Successive entries accumulate)
 -fixrange (-fix)  OR  -FixRangeIfNeeded   2 floats
    SD limit for preventing truncation, and scale factor if data have low SD
 -rfparam (-rf)  OR  -RangeFixingParams   2 floats
    Criterion SD for scaling, and range expansion factor to assume
 -fill  OR  -FillValue   Float
    Value to fill empty image areas with, before scaling
 -taper (-ta)  OR  -TaperAtFill   2 ints
    Distance to taper at fill border or 1 for default, and 0/1 for tapering
    outside/inside

OTHER OPTIONS
 -memory (-mem)  OR  -MemoryLimit   Int
    Total size of working array to allocate, in megabytes
 -test (-te)  OR  -TestLimits   2 ints
    Total size of working array, and size of binning array
 -megasec (-meg)  OR  -MaxMegaSections   Int
    Maximum number of millions of sections that will be processed
 -quiet (-q)  OR  -QuietOutput
    Suppress image file opening and min/max/mean output
 -verbose (-ve)  OR  -VerboseOutput   Int
    1 for diagnostic output
 -param (-pa)  OR  -ParameterFile   File
    Read parameter entries from file
 -help (-h)  OR  -usage
    Print help output
exit=0

== timeout 20 /home/zhenh/software/imod-aarch64/versions/4.11.25/install/cpu/bin/clip -help ==
clip: Command Line Image Processing. 4.11.25, May 23 2026 23:51:10
Copyright (C) 1994-2021 by the Regents of the University of Colorado
----------------------------------------------------
clip usage:
clip [process] [options] [input files...] [output file]

process:
	add         - Add images together.
	average     - Average files together.
	brightness  - Increase or decrease brightness.
	color       - Add false color.
	contrast    - Increase or decrease contrast.
	correlation - Do a auto/cross correlation.
	defectmap   - Output map of all pixels in defects entered with -B.
	diffusion   - Do 2-D anisotropic diffusion on slices.
	divide      - Divide one image volume by another.
	gradient    - Compute gradient as in 3dmod.
	graham      - Apply Graham filter as in 3dmod.
	histogram   - Print histogram of values.
	info        - Print information to stdout.
	fft         - Do a fft or inverse fft transform.
	filter      - Do a bandpass filter.
	flip..      - Flip image about various axes.
	joinrgb     - Join 3 byte files into an RGB file.
	laplacian   - Apply Laplacian filter as in 3dmod.
	median      - Do median filtering.
	multiply    - Multiple one image volume by another.
	normalize   - Multiply by gain ref., scale, remove big values.
	prewitt     - Apply Prewitt filter as in 3dmod.
	quadrant    - Correct quadrant disparities from 4-port camera.
	resize      - Cut out and/or pad image data.
	rotx        - Rotate volume by -90 about X axis.
	shadow      - Increase or decrease image shadows.
	sharpen     - Sharpen image as in 3dmod.
	smooth      - Smooth image as in 3dmod.
	sobel       - Apply Sobel filter as in 3dmod.
	spectrum    - Compute scaled, reduced power spectrum.
	splitrgb    - Split RGB image file into 3 byte files.
	standev     - Compute standard deviation for averaged images.
	stats       - Print some stats on image file.
	subtract    - Subtract one image volume from another.
	supergain   - Analyze EER file(s) .
	threshold   - Apply threshold to make binary image.
	truncate    - Limit image values at low or high end.
	unwrap      - Undo a wraparound of integer intensity values.
	unpack      - Unpack 4-bit data into bytes - same as normalize.
	variance    - Compute variance for averaged images.

options:
	[-v]  view output data.
	[-3d] or [-2d] treat image as 3d (default) or 2d.
	[-s] Switch, [-n #] Amount; Depends on function.
	[-n #] [-l #] Iterations and Gaussian sigma for smoothing.
	[-h #] [-l #] Values for filter, threshold, or truncate.
	[-cc #] [-l #] [-k #] values for anisotropic diffusion.
	[-r #] [-g #] [-b #] red, green, blue values.
	[-x #,#]  [-y #,#]  starting and ending input coords.
	[-cx #]  [-cy #]  [-cz #]  center coords.
	[-ix #]  [-iy #]  [-iz #]  input sizes.
	[-ox #]  [-oy #]  [-oz #]  output sizes.
	[-CX #]  [-CY #]  [-CZ #]  chunk sizes for tiled HDF output.
	[-a] Append output to file.
	[-ov #] Overwrite output starting at section #
	[-m (mode#)] Output data mode.
	[-f format] Output file format (MRC, TIFF, HDF, JPEG).
	[-p (pad#)] Pad empty data value.
	[-1] Number Z values from 1 instead of 0.
	[-P file] Name of piece list file for stats on a montage.
	[-O #,#]  Overlaps in X and Y in displayed montage.
	[-D file] Apply defect correction using defect list in given file.
	[-B #] Binning value to use in defect correction.
	[-S]   Scale defect list up by 2 if it is not already scaled.
	[-R #] Rotation/flip to apply to gain reference, or -1 for r/f.
	[-E #,#] Analyze histogram for extra counts on one side.
	[-F #,#] Analyze histogram for fastest falloff point.
	[-M #,#] Set minimum size of connected regions when thresholding.
	[-es #] Set super-resolution factor when reading from EER files.
	[-ez #] Set summing of frames when reading from EER files.
	[-et]   Read thumbnail, not frames, from EER file.
	[-ep #] Set padding of defects from gain reference for EER file.
	[-ed file] Write defects from EER gain reference to file.
	[-eg file] File for adjusting super-resolution gain reference.

exit=3

== timeout 20 /home/zhenh/software/imod-aarch64/versions/4.11.25/install/cpu/bin/imodinfo -h ==
usage: imodinfo [options] <imod filename>
options:
	-a	Print ascii readable version of IMOD model file.
	-c	Print centroids of closed objects.
	-l	Print lengths of contours in column output.
	-L	Print lengths of contour portions by fine-grained color.
	-s	Print surface information.
	-p	Print point size information.
	-r	Print ratio of length to area for closed contours.
	-e	Print center and axes of equivalent ellipse for closed contours.
	-F	Print full report on objects.
	-o list	List of object to process (default is all).
	-i	Analyze for inside contours and adjust volume.
	-x min,max   Compute volume, mesh area, and point count and sizes
	-y min,max         between min and max in X (-x), Y (-y), or Z (-z).
	-z min,max   
	-t 1/-1	Apply clipping plane in normal (1) or inverted (-1) orientation
	-v	Be verbose on model output.
	-vv	Be more verbose on model output (prints points).
	-h	Hush - no detailed data in standard, point, or by-color output.
	-f filename  Write output to file.
exit=2

== timeout 20 /home/zhenh/software/imod-aarch64/versions/4.11.25/install/cpu/bin/etomo -help ==
WARNING: YOU ENTERED AN ARGUMENT WITH A SINGLE DASH: -help
starting Etomo with log in /home/zhenh/.etomologs/etomo_err_May-24-000453.log
exit=0

== timeout 20 /home/zhenh/software/imod-aarch64/versions/4.11.25/install/cpu/bin/3dmod -h ==
3dmod Version 4.11.25 May 23 2026 23:42:12
Copyright (C) 1994-2021 by the Regents of the University of Colorado
Usage: 3dmod [options] <Image files> <model file>
Options:
   -xyz  Open xyz window first.
   -S    Open slicer window first.
   -V    Open model view window first.
   -Z    Open Zap window (use with -S, -xyz, or -V).
   -O    Set options with startup dialog box.
   -x min,max  Load in sub image.
   -y min,max  Load in sub image.
   -z min,max  Load in sub image.
   -s min,max  Scale input to range [min,max] (0,0 for all files the same).
   -ic x,y,z   Set initial center position of slicer and/or Zap.
   -ia x,y,z   Set initial angles of slicer window.
   -iz #       Set initial zoom of slicer and/or Zap.
   -I #  Load data as 16-bit integers (# = 1) or as bytes (# = 0).
   -C #  Set # of sections or Mbytes to cache (#M or #m for Mbytes).
   -CT # Set # of sections or Mbytes for cache of tiles or strips.
   -F    Fill cache right after starting program.
   -Y    Rotate volume around X to model planes normal to Y axis.
   -B #  Bin images by # in X, Y, and Z.
   -b nxy,nz  Bin images by nxy in X and Y, by nz in Z (nz default=1).
   -es #  Set amount of super-resolution when reading EER files (1=2x, 2=4x).
   -ez #  Set initial summing of frames (grouping in Z) when reading EER files.
   -a <file name>  Load tilt angles from file.
   -p <file name>  Load piece list file.
   -A #  Use aligned piece coordinates from .mdoc file (1, or 2 for very sloppy)
   -P nx,ny  Display images as montage in nx by ny array.
   -o nx,ny  Set X and X overlaps for montage display.
   -f    Load as frames even if image file has piece coordinates.
   -py   Image files are a pyramid of same data at different resolutions.
   -r nx,ny,nz  Dimensions for raw image files.
   -ri   Raw file is inverted in Y.
   -t #  Mode for raw files: -1/0=byte, 1/6=int, 2=float, 4=complex, 16=RGB,
   -H #  Header size in bytes in raw image files.
   -w    Swap bytes from raw image files.
   -J #  Type of scanning to find unknown scaling limits (0-2).
   -K    Store results of scanning for limits in MRC file header.
   -R    Read image data from standard input, not from file.
   -m    Load model with model coords (override scaling).
   -2    Treat model as 2D only.
   -T    Display multiple single-image files as times not sections.
   -G    Display color file in gray-scale.
   -M    Do not mirror FFT data around Y axis.
   -ci   Display images in color index mode with colormap.
   -cm <file name>  Load custom false color table.
   -E <keys>  Open windows specified by key letters.
   -h    Print this help message.
exit=1

legacy_python_shebang_count=0

== data workflow: raw2mrc/header/newstack/clip on generated 16x16 stack ==
Min = 0, Max = 0, Mean = 0

 RO image file on unit   1 : /tmp/tmp.fUQXaaAa6n/raw.mrc     Size=          1 K

 Number of columns, rows, sections .....      16      16       1
 Map mode ..............................    0   (bytes - signed in file)   
 Start cols, rows, sects, grid x,y,z ...    0     0     0      16     16      1
 Pixel spacing (Angstroms)..............   1.000      1.000      1.000    
 Cell angles ...........................   90.000   90.000   90.000
 Fast, medium, slow axes ...............    X    Y    Z
 Origin on x,y,z .......................    0.000       0.000       0.000    
 Minimum density .......................   0.0000     (  -128.00     in file)
 Maximum density .......................   0.0000     (  -128.00     in file)
 Mean density ..........................   0.0000     (  -128.00     in file)
 tilt angles (original,current) ........   0.0   0.0   0.0   0.0   0.0   0.0
 Space group,# extra bytes,idtype,lens .        0        0        0        0

     1 Titles :
raw2mrc: Converted to mrc format.                       24-May-26  00:04:54    


 RO image file on unit   1 : /tmp/tmp.fUQXaaAa6n/raw.mrc     Size=          1 K

 Number of columns, rows, sections .....      16      16       1
 Map mode ..............................    0   (bytes - signed in file)   
 Start cols, rows, sects, grid x,y,z ...    0     0     0      16     16      1
 Pixel spacing (Angstroms)..............   1.000      1.000      1.000    
 Cell angles ...........................   90.000   90.000   90.000
 Fast, medium, slow axes ...............    X    Y    Z
 Origin on x,y,z .......................    0.000       0.000       0.000    
 Minimum density .......................   0.0000     (  -128.00     in file)
 Maximum density .......................   0.0000     (  -128.00     in file)
 Mean density ..........................   0.0000     (  -128.00     in file)
 tilt angles (original,current) ........   0.0   0.0   0.0   0.0   0.0   0.0
 Space group,# extra bytes,idtype,lens .        0        0        0        0

     1 Titles :
raw2mrc: Converted to mrc format.                       24-May-26  00:04:54    


 NEW image file on unit   2 : /tmp/tmp.fUQXaaAa6n/raw-copy.mrc
 section   input min&max       output min&max  &  mean
       0      0.00      0.00      0.00      0.00      0.00

 RO image file on unit   1 : /tmp/tmp.fUQXaaAa6n/raw-copy.mrc     Size=          1 K

 Number of columns, rows, sections .....      16      16       1
 Map mode ..............................    0   (bytes - signed in file)   
 Start cols, rows, sects, grid x,y,z ...    0     0     0      16     16      1
 Pixel spacing (Angstroms)..............   1.000      1.000      1.000    
 Cell angles ...........................   90.000   90.000   90.000
 Fast, medium, slow axes ...............    X    Y    Z
 Origin on x,y,z .......................    0.000       0.000       0.000    
 Minimum density .......................   0.0000     (  -128.00     in file)
 Maximum density .......................   0.0000     (  -128.00     in file)
 Mean density ..........................   0.0000     (  -128.00     in file)
 tilt angles (original,current) ........   0.0   0.0   0.0   0.0   0.0   0.0
 Space group,# extra bytes,idtype,lens .        0        0        0        0

     2 Titles :
raw2mrc: Converted to mrc format.                       24-May-26  00:04:54    
NEWSTACK: Images copied                                 24-May-26  00:04:54    

slice|   min   |(   x,   y)|    max  |(      x,      y)|   mean    |  std dev.
-----|---------|-----------|---------|-----------------|-----------|----------
   0     0.0000 (   0,   0)    0.0000 (   0.00,   0.00)    0.0000     0.0000
 all     0.0000 (@ z=    0)    0.0000 (@ z=    0      )    0.0000     0.0000
data_workflow_exit=0

smoke_result=PASS
